// Jest Snapshot v1, https://goo.gl/fbAQLP

exports[`Index.cmp test should render propr HTML 1`] = `
<div
  className="container"
>
  <div
    className="card"
  >
    <div
      className="card-content"
    >
      <span
        className="card-title grey-text text-darken-4"
      >
        Hello my friend!!
      </span>
      <div />
    </div>
    <div
      className="card-reveal"
    >
      <span
        className="card-title grey-text text-darken-4"
      >
        Hello my friend!!
        <i
          className="material-icons right"
        >
          close
        </i>
      </span>
    </div>
  </div>
</div>
`;
